/*
 * This test is for ICU collations.
 */
/* skip test if not UTF8 server encoding or no ICU collations installed */
SELECT getdatabaseencoding() <> 'UTF8' OR
       (SELECT count(*) FROM pg_collation WHERE collprovider = 'i' AND collname <> 'unicode') = 0
       AS skip_test \gset
\if :skip_test
\quit
\endif
-- Test that lowercase conversion of trigrams uses specified collation
CREATE TABLE test(col TEXT COLLATE "tr-x-icu");
INSERT INTO test VALUES ('ISTANBUL');
SELECT show_trgm(col) FROM test;
                       show_trgm                        
--------------------------------------------------------
 {0xf31e1a,0xfe581d,0x3efd30,anb,bul,nbu,sta,tan,"ul "}
(1 row)

SELECT show_trgm('ISTANBUL' COLLATE "tr-x-icu");
                       show_trgm                        
--------------------------------------------------------
 {0xf31e1a,0xfe581d,0x3efd30,anb,bul,nbu,sta,tan,"ul "}
(1 row)

SELECT show_trgm('ISTANBUL' COLLATE "C");
                  show_trgm                  
---------------------------------------------
 {"  i"," is",anb,bul,ist,nbu,sta,tan,"ul "}
(1 row)

SELECT similarity('ıstanbul' COLLATE "tr-x-icu", 'ISTANBUL' COLLATE "tr-x-icu");
 similarity 
------------
          1
(1 row)

SELECT similarity('ıstanbul' COLLATE "C", 'ISTANBUL' COLLATE "C");
 similarity 
------------
 0.54545456
(1 row)

-- Test that word boundary identification uses specified collation
SELECT show_trgm('helloıtestIworldİcode' COLLATE "tr-x-icu");
                                                           show_trgm                                                           
-------------------------------------------------------------------------------------------------------------------------------
 {0x8fc0a2,0x93dfbf,0x1bf43c,"  h"," he",0x22d44f,0x4398ff,cod,"de ",dic,ell,est,hel,ico,ldi,llo,ode,orl,0x71b8f5,rld,tes,wor}
(1 row)

SELECT show_trgm('helloıtestIworldİcode' COLLATE "C");
                                                  show_trgm                                                  
-------------------------------------------------------------------------------------------------------------
 {"  c","  h","  t"," co"," he"," te",cod,"de ",ell,est,hel,iwo,"ld ",llo,"lo ",ode,orl,rld,sti,tes,tiw,wor}
(1 row)

