--
-- pg_stat_log regression tests
--
CREATE EXTENSION pg_stat_log;
-- Start clean
SELECT pg_stat_log_reset();
 pg_stat_log_reset 
-------------------
 
(1 row)

SELECT pg_stat_force_next_flush();
 pg_stat_force_next_flush 
--------------------------
 
(1 row)

--
-- Test 1: Warnings are counted
--
DO $$ BEGIN RAISE WARNING 'test warning 1'; END $$;
WARNING:  test warning 1
DO $$ BEGIN RAISE WARNING 'test warning 2'; END $$;
WARNING:  test warning 2
DO $$ BEGIN RAISE WARNING 'test warning 3'; END $$;
WARNING:  test warning 3
SELECT pg_stat_force_next_flush();
 pg_stat_force_next_flush 
--------------------------
 
(1 row)

SELECT count >= 3 AS warning_count_ok
FROM pg_stat_log_data()
WHERE elevel = 'WARNING' AND sqlerrcode = '01000';
 warning_count_ok 
------------------
 t
(1 row)

--
-- Test 2: Errors are tracked
--
SELECT 1/0;
ERROR:  division by zero
SELECT pg_stat_force_next_flush();
 pg_stat_force_next_flush 
--------------------------
 
(1 row)

SELECT count >= 1 AS division_by_zero_ok
FROM pg_stat_log_data()
WHERE elevel = 'ERROR' AND sqlerrcode = '22012';
 division_by_zero_ok 
---------------------
 t
(1 row)

--
-- Test 3: pg_stat_log view works (returns rows with database/user names)
--
SELECT count(*) > 0 AS view_has_rows FROM pg_stat_log WHERE count > 0;
 view_has_rows 
---------------
 t
(1 row)

--
-- Test 4: Disable via GUC stops counting
--
SET pg_stat_log.enabled = off;
DO $$ BEGIN RAISE WARNING 'should not be counted'; END $$;
WARNING:  should not be counted
SELECT pg_stat_force_next_flush();
 pg_stat_force_next_flush 
--------------------------
 
(1 row)

-- The warning count should not have increased; we check by looking for the
-- specific message-related sqlerrcode that was already counted before.
SELECT count >= 3 AS still_same_warning_count
FROM pg_stat_log_data()
WHERE elevel = 'WARNING' AND sqlerrcode = '01000';
 still_same_warning_count 
--------------------------
 t
(1 row)

SET pg_stat_log.enabled = on;
--
-- Test 5: min_error_level filtering
--
SET pg_stat_log.min_error_level = 'error';
-- Record warning count before
SELECT count AS cnt_before
FROM pg_stat_log_data()
WHERE elevel = 'WARNING' AND sqlerrcode = '01000' \gset
DO $$ BEGIN RAISE WARNING 'filtered out'; END $$;
WARNING:  filtered out
SELECT pg_stat_force_next_flush();
 pg_stat_force_next_flush 
--------------------------
 
(1 row)

-- Warning count should be unchanged
SELECT count = :cnt_before AS warning_filtered_ok
FROM pg_stat_log_data()
WHERE elevel = 'WARNING' AND sqlerrcode = '01000';
 warning_filtered_ok 
---------------------
 t
(1 row)

SET pg_stat_log.min_error_level = 'warning';
--
-- Test 6: Reset zeroes counters
--
SELECT pg_stat_log_reset();
 pg_stat_log_reset 
-------------------
 
(1 row)

SELECT pg_stat_force_next_flush();
 pg_stat_force_next_flush 
--------------------------
 
(1 row)

SELECT COALESCE(sum(count), 0) = 0 AS reset_ok FROM pg_stat_log_data();
 reset_ok 
----------
 t
(1 row)

--
-- Test 7: pg_stat_log_info() returns one row with expected columns
--
SELECT count(*) = 1 AS info_one_row FROM pg_stat_log_info();
 info_one_row 
--------------
 t
(1 row)

--
-- Test 8: max_entries matches GUC
--
SELECT max_entries = current_setting('pg_stat_log.max_entries')::int AS max_matches_guc
FROM pg_stat_log_info();
 max_matches_guc 
-----------------
 t
(1 row)

--
-- Test 9: After reset, num_entries and n_dropped are zero
--
SELECT pg_stat_log_reset();
 pg_stat_log_reset 
-------------------
 
(1 row)

SELECT pg_stat_force_next_flush();
 pg_stat_force_next_flush 
--------------------------
 
(1 row)

SELECT num_entries = 0 AS num_zero, n_dropped = 0 AS dropped_zero
FROM pg_stat_log_info();
 num_zero | dropped_zero 
----------+--------------
 t        | t
(1 row)

--
-- Test 10: pg_stat_log_reset() is restricted to superusers
--
CREATE ROLE regress_pg_stat_log_user;
SET ROLE regress_pg_stat_log_user;
SELECT pg_stat_log_reset();
ERROR:  permission denied for function pg_stat_log_reset
RESET ROLE;
DROP ROLE regress_pg_stat_log_user;
-- Clean up
DROP EXTENSION pg_stat_log;
